###############################################################################
#
# IAR ELF Linker V8.42.1.233/W32 for ARM                  04/Mar/2020  14:40:46
# Copyright 2007-2019 IAR Systems AB.
#
#    Output file  =
#        E:\Github Codes and
#        Projects\EmbeddedSystems_Files\TIVAC_Files\UART2\Debug\Exe\UART2.out
#    Map file     =
#        E:\Github Codes and
#        Projects\EmbeddedSystems_Files\TIVAC_Files\UART2\Debug\List\UART2.map
#    Command line =
#        -f C:\Users\KAUSIK~1\AppData\Local\Temp\EW1FFE.tmp ("E:\Github Codes
#        and Projects\EmbeddedSystems_Files\TIVAC_Files\UART2\Debug\Obj\main.o"
#        --no_out_extension -o "E:\Github Codes and
#        Projects\EmbeddedSystems_Files\TIVAC_Files\UART2\Debug\Exe\UART2.out"
#        --redirect _Printf=_PrintfFullNoMb --redirect _Scanf=_ScanfFullNoMb
#        --map "E:\Github Codes and
#        Projects\EmbeddedSystems_Files\TIVAC_Files\UART2\Debug\List\UART2.map"
#        --config
#        E:\EmbeddedARM\arm\config\linker\TexasInstruments\TM4C123GH6.icf
#        --semihosting --entry __iar_program_start --vfe --text_out locale)
#
###############################################################################

*******************************************************************************
*** RUNTIME MODEL ATTRIBUTES
***

CppFlavor       = *
__SystemLibrary = DLib
__dlib_version  = 6


*******************************************************************************
*** HEAP SELECTION
***

The basic heap was selected because some modules are built with
size limitations (and not runtime checking), and --advanced_heap
was not specified.


*******************************************************************************
*** PLACEMENT SUMMARY
***

"A0":  place at address 0x0 { ro section .intvec };
"P1":  place in [from 0x0 to 0x3'ffff] { ro };
define block CSTACK with size = 4K, alignment = 8 { };
define block HEAP with size = 8K, alignment = 8 { };
"P2":  place in [from 0x2000'0000 to 0x2000'7fff] {
          rw, block CSTACK, block HEAP };

No sections matched the following patterns:

  rw  in "P2"


  Section   Kind         Address    Size  Object
  -------   ----         -------    ----  ------
"A0":                               0x40
  .intvec   ro code          0x0    0x40  vector_table_M.o [3]
                          - 0x40    0x40

"P1":                              0x4a8
  .text     ro code         0x40   0x3c4  main.o [1]
  .rodata   const          0x404    0x90  main.o [1]
  .text     ro code        0x494    0x1e  cmain.o [3]
  .text     ro code        0x4b2     0x4  low_level_init.o [2]
  .text     ro code        0x4b6     0x4  exit.o [2]
  .text     ro code        0x4ba     0x2  vector_table_M.o [3]
  .text     ro code        0x4bc     0xa  cexit.o [3]
  .text     ro code        0x4c8    0x14  exit.o [4]
  .text     ro code        0x4dc     0xc  cstartup_M.o [3]
                         - 0x4e8   0x4a8

"P2":                             0x1000
  CSTACK             0x2000'0000  0x1000  <Block>
    CSTACK  uninit   0x2000'0000  0x1000  <Block tail>
                   - 0x2000'1000  0x1000

Unused ranges:

         From           To      Size
         ----           --      ----
        0x4e8     0x3'ffff  0x3'fb18
  0x2000'1000  0x2000'7fff    0x7000



*******************************************************************************
*** MODULE SUMMARY
***

    Module            ro code  ro data  rw data
    ------            -------  -------  -------
command line/config:
    -------------------------------------------
    Total:

E:\Github Codes and Projects\EmbeddedSystems_Files\TIVAC_Files\UART2\Debug\Obj: [1]
    main.o                964      144
    -------------------------------------------
    Total:                964      144

dl7M_tln.a: [2]
    exit.o                  4
    low_level_init.o        4
    -------------------------------------------
    Total:                  8

rt7M_tl.a: [3]
    cexit.o                10
    cmain.o                30
    cstartup_M.o           12
    vector_table_M.o       66
    -------------------------------------------
    Total:                118

shb_l.a: [4]
    exit.o                 20
    -------------------------------------------
    Total:                 20

    Gaps                    2
    Linker created                        4'096
-----------------------------------------------
    Grand Total:        1'112      144    4'096


*******************************************************************************
*** ENTRY LIST
***

Entry                       Address   Size  Type      Object
-----                       -------   ----  ----      ------
?main                         0x495         Code  Gb  cmain.o [3]
CSTACK$$Base            0x2000'0000          --   Gb  - Linker created -
CSTACK$$Limit           0x2000'1000          --   Gb  - Linker created -
GPIODirModeSet                 0x4f   0x4e  Code  Gb  main.o [1]
GPIOPadConfigSet               0x9d  0x214  Code  Gb  main.o [1]
GPIOPinConfigure              0x2d3   0x4c  Code  Gb  main.o [1]
GPIOPinTypeUART               0x2b1   0x22  Code  Gb  main.o [1]
Region$$Table$$Base             0x0          --   Gb  - Linker created -
Region$$Table$$Limit            0x0          --   Gb  - Linker created -
SysCtlPeripheralEnable        0x31f   0x1e  Code  Gb  main.o [1]
UARTCharGet                    0x41    0xe  Code  Gb  main.o [1]
UART_RecvQuestion             0x341    0xc  Code  Gb  main.o [1]
__cmain                       0x495         Code  Gb  cmain.o [3]
__exit                        0x4c9   0x14  Code  Gb  exit.o [4]
__iar_program_start           0x4dd         Code  Gb  cstartup_M.o [3]
__low_level_init              0x4b3    0x4  Code  Gb  low_level_init.o [2]
__vector_table                  0x0         Data  Gb  vector_table_M.o [3]
_call_main                    0x4a1         Code  Gb  cmain.o [3]
_exit                         0x4bd         Code  Gb  cexit.o [3]
_main                         0x4af         Code  Gb  cmain.o [3]
exit                          0x4b7    0x4  Code  Gb  exit.o [2]
g_pui32GPIOBaseAddrs          0x404   0x90  Data  Lc  main.o [1]
main                          0x351   0x7c  Code  Gb  main.o [1]


[1] = E:\Github Codes and Projects\EmbeddedSystems_Files\TIVAC_Files\UART2\Debug\Obj
[2] = dl7M_tln.a
[3] = rt7M_tl.a
[4] = shb_l.a

  1'112 bytes of readonly  code memory
    144 bytes of readonly  data memory
  4'096 bytes of readwrite data memory

Errors: none
Warnings: none
