###############################################################################
#
# IAR ELF Linker V8.42.1.233/W32 for ARM                  11/Mar/2020  14:41:11
# Copyright 2007-2019 IAR Systems AB.
#
#    Output file  =
#        E:\Github Codes and
#        Projects\EmbeddedSystems_Files\TIVAC_Files\SPI\Debug\Exe\SPI.out
#    Map file     =
#        E:\Github Codes and
#        Projects\EmbeddedSystems_Files\TIVAC_Files\SPI\Debug\List\SPI.map
#    Command line =
#        -f C:\Users\KAUSIK~1\AppData\Local\Temp\EW913C.tmp ("E:\Github Codes
#        and Projects\EmbeddedSystems_Files\TIVAC_Files\SPI\Debug\Obj\main.o"
#        --no_out_extension -o "E:\Github Codes and
#        Projects\EmbeddedSystems_Files\TIVAC_Files\SPI\Debug\Exe\SPI.out"
#        --redirect _Printf=_PrintfFullNoMb --redirect _Scanf=_ScanfFullNoMb
#        --map "E:\Github Codes and
#        Projects\EmbeddedSystems_Files\TIVAC_Files\SPI\Debug\List\SPI.map"
#        --config E:\EmbeddedARM\arm\CONFIG\generic_cortex.icf --semihosting
#        --entry __iar_program_start --vfe --text_out locale)
#
###############################################################################

*******************************************************************************
*** RUNTIME MODEL ATTRIBUTES
***

CppFlavor       = *
__Heap_Handler  = Basic
__SystemLibrary = DLib
__dlib_version  = 6


*******************************************************************************
*** HEAP SELECTION
***

The basic heap was selected because some modules are built with
size limitations (and not runtime checking), and --advanced_heap
was not specified.


*******************************************************************************
*** PLACEMENT SUMMARY
***

"A0":  place at address 0x0 { ro section .intvec };
"P1":  place in [from 0x0 to 0x7'ffff] { ro };
define block CSTACK with size = 1K, alignment = 8 { };
define block PROC_STACK with size = 0, alignment = 8 { };
define block HEAP with size = 2K, alignment = 8 { };
"P2":  place in [from 0x2000'0000 to 0x2000'ffff] {
          rw, block CSTACK, block PROC_STACK, block HEAP };

  Section          Kind         Address   Size  Object
  -------          ----         -------   ----  ------
"A0":                                     0x40
  .intvec          ro code          0x0   0x40  vector_table_M.o [3]
                                 - 0x40   0x40

"P1":                                    0x464
  .text            ro code         0x40  0x1ec  main.o [1]
  .text            ro code        0x22c  0x158  heap0.o [2]
  .text            ro code        0x384    0x4  heaptramp0.o [2]
  .text            ro code        0x388   0x2c  xgetmemchunk.o [2]
  .text            ro code        0x3b4   0x12  xxmemxmemzero.o [2]
  .text            ro code        0x3c6   0x3a  zero_init3.o [3]
  .text            ro code        0x400   0x28  data_init.o [3]
  .iar.init_table  const          0x428   0x10  - Linker created -
  .text            ro code        0x438   0x1e  cmain.o [3]
  .text            ro code        0x456    0x4  low_level_init.o [2]
  .text            ro code        0x45a    0x4  exit.o [2]
  .text            ro code        0x45e    0x2  vector_table_M.o [3]
  .text            ro code        0x460    0xa  cexit.o [3]
  .text            ro code        0x46c   0x14  exit.o [4]
  .rodata          const          0x480    0xc  main.o [1]
  .rodata          const          0x48c    0xc  main.o [1]
  .text            ro code        0x498    0xc  cstartup_M.o [3]
  .rodata          const          0x4a4    0x0  zero_init3.o [3]
                                - 0x4a4  0x464

"P2", part 1 of 2:                         0xc
  .bss             zero     0x2000'0000    0x8  heap0.o [2]
  .bss             zero     0x2000'0008    0x4  xgetmemchunk.o [2]
                          - 0x2000'000c    0xc

"P2", part 2 of 2:                       0xc00
  CSTACK                    0x2000'0010  0x400  <Block>
    CSTACK         uninit   0x2000'0010  0x400  <Block tail>
  HEAP                      0x2000'0410  0x800  <Block>
    HEAP           uninit   0x2000'0410  0x800  <Block tail>
                          - 0x2000'0c10  0xc00

Unused ranges:

         From           To      Size
         ----           --      ----
        0x4a4     0x7'ffff  0x7'fb5c
  0x2000'000c  0x2000'000f       0x4
  0x2000'0c10  0x2000'ffff    0xf3f0


*******************************************************************************
*** INIT TABLE
***

          Address      Size
          -------      ----
Zero (__iar_zero_init3)
    1 destination range, total size 0xc:
          0x2000'0000   0xc



*******************************************************************************
*** MODULE SUMMARY
***

    Module            ro code  ro data  rw data
    ------            -------  -------  -------
command line/config:
    -------------------------------------------
    Total:

E:\Github Codes and Projects\EmbeddedSystems_Files\TIVAC_Files\SPI\Debug\Obj: [1]
    main.o                492       24
    -------------------------------------------
    Total:                492       24

dl7M_tln.a: [2]
    exit.o                  4
    heap0.o               344                 8
    heaptramp0.o            4
    low_level_init.o        4
    xgetmemchunk.o         44                 4
    xxmemxmemzero.o        18
    -------------------------------------------
    Total:                418                12

rt7M_tl.a: [3]
    cexit.o                10
    cmain.o                30
    cstartup_M.o           12
    data_init.o            40
    vector_table_M.o       66
    zero_init3.o           58
    -------------------------------------------
    Total:                216

shb_l.a: [4]
    exit.o                 20
    -------------------------------------------
    Total:                 20

    Gaps                    2
    Linker created                  16    3'072
-----------------------------------------------
    Grand Total:        1'148       40    3'084


*******************************************************************************
*** ENTRY LIST
***

Entry                       Address  Size  Type      Object
-----                       -------  ----  ----      ------
.iar.init_table$$Base         0x428         --   Gb  - Linker created -
.iar.init_table$$Limit        0x438         --   Gb  - Linker created -
?main                         0x439        Code  Gb  cmain.o [3]
Aldata                  0x2000'0000   0x8  Data  Lc  heap0.o [2]
CSTACK$$Base            0x2000'0010         --   Gb  - Linker created -
CSTACK$$Limit           0x2000'0410         --   Gb  - Linker created -
HEAP$$Base              0x2000'0410         --   Gb  - Linker created -
HEAP$$Limit             0x2000'0c10         --   Gb  - Linker created -
Region$$Table$$Base           0x428         --   Gb  - Linker created -
Region$$Table$$Limit          0x438         --   Gb  - Linker created -
__basic_calloc                0x34b  0x36  Code  Gb  heap0.o [2]
__basic_free                  0x2c1  0x16  Code  Gb  heap0.o [2]
__basic_free_intern           0x2d7  0x74  Code  Lc  heap0.o [2]
__basic_malloc_intern         0x22d  0x94  Code  Lc  heap0.o [2]
__cmain                       0x439        Code  Gb  cmain.o [3]
__data_GetMemChunk            0x389  0x2c  Code  Gb  xgetmemchunk.o [2]
__data_GetMemChunk::start
                        0x2000'0008   0x4  Data  Lc  xgetmemchunk.o [2]
__data_memzero                0x3b5  0x12  Code  Gb  xxmemxmemzero.o [2]
__exit                        0x46d  0x14  Code  Gb  exit.o [4]
__iar_data_init3              0x401  0x28  Code  Gb  data_init.o [3]
__iar_program_start           0x499        Code  Gb  cstartup_M.o [3]
__iar_zero_init3              0x3c7  0x3a  Code  Gb  zero_init3.o [3]
__low_level_init              0x457   0x4  Code  Gb  low_level_init.o [2]
__vector_table                  0x0        Data  Gb  vector_table_M.o [3]
_call_main                    0x445        Code  Gb  cmain.o [3]
_exit                         0x461        Code  Gb  cexit.o [3]
_main                         0x453        Code  Gb  cmain.o [3]
exit                          0x45b   0x4  Code  Gb  exit.o [2]
free                          0x385   0x4  Code  Gb  heaptramp0.o [2]
main                          0x18b  0x3a  Code  Gb  main.o [1]
printChar                     0x17b  0x10  Code  Gb  main.o [1]
printString                    0xed  0x16  Code  Gb  main.o [1]
rec_char                      0x129  0x10  Code  Gb  main.o [1]
rec_str                       0x139  0x42  Code  Gb  main.o [1]
send_byte                     0x119  0x10  Code  Gb  main.o [1]
send_str                      0x103  0x16  Code  Gb  main.o [1]
spi_master_ini                 0x93  0x5a  Code  Gb  main.o [1]
uart_ini                       0x41  0x52  Code  Gb  main.o [1]


[1] = E:\Github Codes and Projects\EmbeddedSystems_Files\TIVAC_Files\SPI\Debug\Obj
[2] = dl7M_tln.a
[3] = rt7M_tl.a
[4] = shb_l.a

  1'148 bytes of readonly  code memory
     40 bytes of readonly  data memory
  3'084 bytes of readwrite data memory

Errors: none
Warnings: none
