###############################################################################
#
# IAR ELF Linker V8.42.1.233/W32 for ARM                  11/Mar/2020  16:07:49
# Copyright 2007-2019 IAR Systems AB.
#
#    Output file  =
#        E:\Github Codes and
#        Projects\EmbeddedSystems_Files\TIVAC_Files\UART_NOAPI\Debug\Exe\UART_NOAPI.out
#    Map file     =
#        E:\Github Codes and
#        Projects\EmbeddedSystems_Files\TIVAC_Files\UART_NOAPI\Debug\List\UART_NOAPI.map
#    Command line =
#        -f C:\Users\KAUSIK~1\AppData\Local\Temp\EWF5B6.tmp ("E:\Github Codes
#        and
#        Projects\EmbeddedSystems_Files\TIVAC_Files\UART_NOAPI\Debug\Obj\main.o"
#        --no_out_extension -o "E:\Github Codes and
#        Projects\EmbeddedSystems_Files\TIVAC_Files\UART_NOAPI\Debug\Exe\UART_NOAPI.out"
#        --redirect _Printf=_PrintfFullNoMb --redirect _Scanf=_ScanfFullNoMb
#        --map "E:\Github Codes and
#        Projects\EmbeddedSystems_Files\TIVAC_Files\UART_NOAPI\Debug\List\UART_NOAPI.map"
#        --config
#        E:\EmbeddedARM\arm\config\linker\TexasInstruments\TM4C123GH6.icf
#        --semihosting --entry __iar_program_start --vfe --text_out locale)
#
###############################################################################

*******************************************************************************
*** RUNTIME MODEL ATTRIBUTES
***

CppFlavor       = *
__Heap_Handler  = Basic
__SystemLibrary = DLib
__dlib_version  = 6


*******************************************************************************
*** HEAP SELECTION
***

The basic heap was selected because some modules are built with
size limitations (and not runtime checking), and --advanced_heap
was not specified.


*******************************************************************************
*** PLACEMENT SUMMARY
***

"A0":  place at address 0x0 { ro section .intvec };
"P1":  place in [from 0x0 to 0x3'ffff] { ro };
define block CSTACK with size = 4K, alignment = 8 { };
define block HEAP with size = 8K, alignment = 8 { };
"P2":  place in [from 0x2000'0000 to 0x2000'7fff] {
          rw, block CSTACK, block HEAP };

  Section          Kind         Address    Size  Object
  -------          ----         -------    ----  ------
"A0":                                      0x40
  .intvec          ro code          0x0    0x40  vector_table_M.o [4]
                                 - 0x40    0x40

"P1":                                     0x41c
  .text            ro code         0x40   0x164  main.o [1]
  .text            ro code        0x1a4   0x158  heap0.o [2]
  .text            ro code        0x2fc     0x4  heaptramp0.o [2]
  .text            ro code        0x300    0x2c  xgetmemchunk.o [2]
  .text            ro code        0x32c    0x12  xxmemxmemzero.o [2]
  .text            ro code        0x33e    0x3a  zero_init3.o [4]
  .text            ro code        0x378    0x28  data_init.o [4]
  .rodata          const          0x3a0    0x24  main.o [1]
  .text            ro code        0x3c4    0x22  fpinit_M.o [3]
  .iar.init_table  const          0x3e8    0x10  - Linker created -
  .text            ro code        0x3f8     0x2  vector_table_M.o [4]
  .text            ro code        0x3fc    0x1e  cmain.o [4]
  .text            ro code        0x41a     0x4  low_level_init.o [2]
  .text            ro code        0x41e     0x4  exit.o [2]
  .text            ro code        0x424     0xa  cexit.o [4]
  .text            ro code        0x430    0x14  exit.o [5]
  .rodata          const          0x444     0xc  main.o [1]
  .text            ro code        0x450     0xc  cstartup_M.o [4]
  .rodata          const          0x45c     0x0  zero_init3.o [4]
                                - 0x45c   0x41c

"P2", part 1 of 2:                          0xc
  .bss             zero     0x2000'0000     0x8  heap0.o [2]
  .bss             zero     0x2000'0008     0x4  xgetmemchunk.o [2]
                          - 0x2000'000c     0xc

"P2", part 2 of 2:                       0x3000
  CSTACK                    0x2000'0010  0x1000  <Block>
    CSTACK         uninit   0x2000'0010  0x1000  <Block tail>
  HEAP                      0x2000'1010  0x2000  <Block>
    HEAP           uninit   0x2000'1010  0x2000  <Block tail>
                          - 0x2000'3010  0x3000

Unused ranges:

         From           To      Size
         ----           --      ----
        0x45c     0x3'ffff  0x3'fba4
  0x2000'000c  0x2000'000f       0x4
  0x2000'3010  0x2000'7fff    0x4ff0


*******************************************************************************
*** INIT TABLE
***

          Address      Size
          -------      ----
Zero (__iar_zero_init3)
    1 destination range, total size 0xc:
          0x2000'0000   0xc



*******************************************************************************
*** MODULE SUMMARY
***

    Module            ro code  ro data  rw data
    ------            -------  -------  -------
command line/config:
    -------------------------------------------
    Total:

E:\Github Codes and Projects\EmbeddedSystems_Files\TIVAC_Files\UART_NOAPI\Debug\Obj: [1]
    main.o                356       48
    -------------------------------------------
    Total:                356       48

dl7M_tln.a: [2]
    exit.o                  4
    heap0.o               344                 8
    heaptramp0.o            4
    low_level_init.o        4
    xgetmemchunk.o         44                 4
    xxmemxmemzero.o        18
    -------------------------------------------
    Total:                418                12

m7M_tls.a: [3]
    fpinit_M.o             34
    -------------------------------------------
    Total:                 34

rt7M_tl.a: [4]
    cexit.o                10
    cmain.o                30
    cstartup_M.o           12
    data_init.o            40
    vector_table_M.o       66
    zero_init3.o           58
    -------------------------------------------
    Total:                216

shb_l.a: [5]
    exit.o                 20
    -------------------------------------------
    Total:                 20

    Gaps                    6        2
    Linker created                  16   12'288
-----------------------------------------------
    Grand Total:        1'050       66   12'300


*******************************************************************************
*** ENTRY LIST
***

Entry                       Address  Size  Type      Object
-----                       -------  ----  ----      ------
.iar.init_table$$Base         0x3e8         --   Gb  - Linker created -
.iar.init_table$$Limit        0x3f8         --   Gb  - Linker created -
?main                         0x3fd        Code  Gb  cmain.o [4]
Aldata                  0x2000'0000   0x8  Data  Lc  heap0.o [2]
CSTACK$$Base            0x2000'0010         --   Gb  - Linker created -
CSTACK$$Limit           0x2000'1010         --   Gb  - Linker created -
HEAP$$Base              0x2000'1010         --   Gb  - Linker created -
HEAP$$Limit             0x2000'3010         --   Gb  - Linker created -
Region$$Table$$Base           0x3e8         --   Gb  - Linker created -
Region$$Table$$Limit          0x3f8         --   Gb  - Linker created -
__basic_calloc                0x2c3  0x36  Code  Gb  heap0.o [2]
__basic_free                  0x239  0x16  Code  Gb  heap0.o [2]
__basic_free_intern           0x24f  0x74  Code  Lc  heap0.o [2]
__basic_malloc_intern         0x1a5  0x94  Code  Lc  heap0.o [2]
__cmain                       0x3fd        Code  Gb  cmain.o [4]
__data_GetMemChunk            0x301  0x2c  Code  Gb  xgetmemchunk.o [2]
__data_GetMemChunk::start
                        0x2000'0008   0x4  Data  Lc  xgetmemchunk.o [2]
__data_memzero                0x32d  0x12  Code  Gb  xxmemxmemzero.o [2]
__exit                        0x431  0x14  Code  Gb  exit.o [5]
__iar_data_init3              0x379  0x28  Code  Gb  data_init.o [4]
__iar_init_vfp                0x3c5        Code  Gb  fpinit_M.o [3]
__iar_program_start           0x451        Code  Gb  cstartup_M.o [4]
__iar_zero_init3              0x33f  0x3a  Code  Gb  zero_init3.o [4]
__low_level_init              0x41b   0x4  Code  Gb  low_level_init.o [2]
__vector_table                  0x0        Data  Gb  vector_table_M.o [4]
_call_main                    0x409        Code  Gb  cmain.o [4]
_exit                         0x425        Code  Gb  cexit.o [4]
_main                         0x417        Code  Gb  cmain.o [4]
exit                          0x41f   0x4  Code  Gb  exit.o [2]
free                          0x2fd   0x4  Code  Gb  heaptramp0.o [2]
main                           0xb9  0xa8  Code  Gb  main.o [1]
printChar                      0x57  0x10  Code  Gb  main.o [1]
printString                    0x41  0x16  Code  Gb  main.o [1]
readChar                       0x67  0x10  Code  Gb  main.o [1]
readString                     0x77  0x42  Code  Gb  main.o [1]


[1] = E:\Github Codes and Projects\EmbeddedSystems_Files\TIVAC_Files\UART_NOAPI\Debug\Obj
[2] = dl7M_tln.a
[3] = m7M_tls.a
[4] = rt7M_tl.a
[5] = shb_l.a

   1'050 bytes of readonly  code memory
      66 bytes of readonly  data memory
  12'300 bytes of readwrite data memory

Errors: none
Warnings: none
