###############################################################################
#
# IAR ELF Linker V8.42.1.233/W32 for ARM                  29/Jan/2020  16:32:43
# Copyright 2007-2019 IAR Systems AB.
#
#    Output file  =
#        E:\Github Codes and
#        Projects\EmbeddedSystems_Files\TIVAC_Files\Debug\Exe\LEDGlow.out
#    Map file     =
#        E:\Github Codes and
#        Projects\EmbeddedSystems_Files\TIVAC_Files\Debug\List\LEDGlow.map
#    Command line =
#        -f C:\Users\KAUSIK~1\AppData\Local\Temp\EW484D.tmp ("E:\Github Codes
#        and Projects\EmbeddedSystems_Files\TIVAC_Files\Debug\Obj\cstartup_M.o"
#        "E:\Github Codes and
#        Projects\EmbeddedSystems_Files\TIVAC_Files\Debug\Obj\main.o"
#        --no_out_extension -o "E:\Github Codes and
#        Projects\EmbeddedSystems_Files\TIVAC_Files\Debug\Exe\LEDGlow.out"
#        --redirect _Printf=_PrintfFullNoMb --redirect _Scanf=_ScanfFullNoMb
#        --map "E:\Github Codes and
#        Projects\EmbeddedSystems_Files\TIVAC_Files\Debug\List\LEDGlow.map"
#        --config
#        E:\EmbeddedARM\arm\config\linker\TexasInstruments\TM4C123GH6.icf
#        --semihosting --entry __iar_program_start --vfe --text_out locale)
#
###############################################################################

*******************************************************************************
*** RUNTIME MODEL ATTRIBUTES
***

CppFlavor       = *
__SystemLibrary = DLib
__dlib_version  = 6


*******************************************************************************
*** HEAP SELECTION
***

The basic heap was selected because some modules are built with
size limitations (and not runtime checking), and --advanced_heap
was not specified.


*******************************************************************************
*** PLACEMENT SUMMARY
***

"A0":  place at address 0x0 { ro section .intvec };
"P1":  place in [from 0x0 to 0x3'ffff] { ro };
define block CSTACK with size = 4K, alignment = 8 { };
define block HEAP with size = 8K, alignment = 8 { };
"P2":  place in [from 0x2000'0000 to 0x2000'7fff] {
          rw, block CSTACK, block HEAP };

No sections matched the following patterns:

  rw  in "P2"


  Section   Kind         Address    Size  Object
  -------   ----         -------    ----  ------
"A0":                              0x110
  .intvec   const            0x0   0x110  cstartup_M.o [1]
                         - 0x110   0x110

"P1":                              0x1e2
  .text     ro code        0x110    0xe0  main.o [1]
  .text     ro code        0x1f0     0xa  clock.o [5]
  .text     ro code        0x1fa     0x2  cstartup_M.o [1]
  .text     ro code        0x1fc    0x56  ABImemcpy_unaligned.o [4]
  .text     ro code        0x252     0x2  cstartup_M.o [1]
  .text     ro code        0x254    0x22  fpinit_M.o [3]
  .text     ro code        0x276     0x2  cstartup_M.o [1]
  .text     ro code        0x278    0x1e  cmain.o [4]
  .text     ro code        0x296     0x4  low_level_init.o [2]
  .text     ro code        0x29a     0x4  exit.o [2]
  .text     ro code        0x29e     0x2  cstartup_M.o [1]
  .text     ro code        0x2a0     0xa  cexit.o [4]
  .text     ro code        0x2aa     0x2  cstartup_M.o [1]
  .text     ro code        0x2ac    0x14  exit.o [5]
  .rodata   const          0x2c0    0x18  main.o [1]
  .text     ro code        0x2d8    0x10  cstartup_M.o [1]
  .text     ro code        0x2e8     0x2  cstartup_M.o [1]
  .text     ro code        0x2ea     0x2  cstartup_M.o [1]
  .text     ro code        0x2ec     0x2  cstartup_M.o [1]
  .text     ro code        0x2ee     0x2  cstartup_M.o [1]
  .text     ro code        0x2f0     0x2  cstartup_M.o [1]
                         - 0x2f2   0x1e2

"P2":                             0x1000
  CSTACK             0x2000'0000  0x1000  <Block>
    CSTACK  uninit   0x2000'0000  0x1000  <Block tail>
                   - 0x2000'1000  0x1000

Unused ranges:

         From           To      Size
         ----           --      ----
        0x2f2     0x3'ffff  0x3'fd0e
  0x2000'1000  0x2000'7fff    0x7000



*******************************************************************************
*** MODULE SUMMARY
***

    Module                 ro code  ro data  rw data
    ------                 -------  -------  -------
command line/config:
    ------------------------------------------------
    Total:

E:\Github Codes and Projects\EmbeddedSystems_Files\TIVAC_Files\Debug\Obj: [1]
    cstartup_M.o                36      272
    main.o                     224       24
    ------------------------------------------------
    Total:                     260      296

dl7M_tln.a: [2]
    exit.o                       4
    low_level_init.o             4
    ------------------------------------------------
    Total:                       8

m7M_tls.a: [3]
    fpinit_M.o                  34
    ------------------------------------------------
    Total:                      34

rt7M_tl.a: [4]
    ABImemcpy_unaligned.o       86
    cexit.o                     10
    cmain.o                     30
    ------------------------------------------------
    Total:                     126

shb_l.a: [5]
    clock.o                     10
    exit.o                      20
    ------------------------------------------------
    Total:                      30

    Linker created                             4'096
----------------------------------------------------
    Grand Total:               458      296    4'096


*******************************************************************************
*** ENTRY LIST
***

Entry                       Address   Size  Type      Object
-----                       -------   ----  ----      ------
?main                         0x279         Code  Gb  cmain.o [4]
CSTACK$$Base            0x2000'0000          --   Gb  - Linker created -
CSTACK$$Limit           0x2000'1000          --   Gb  - Linker created -
Region$$Table$$Base             0x0          --   Gb  - Linker created -
Region$$Table$$Limit            0x0          --   Gb  - Linker created -
__cmain                       0x279         Code  Gb  cmain.o [4]
__exit                        0x2ad   0x14  Code  Gb  exit.o [5]
__iar_init_vfp                0x255         Code  Gb  fpinit_M.o [3]
__iar_program_start           0x2d9   0x10  Code  Gb  cstartup_M.o [1]
__iar_unaligned_memcpy4
                              0x1fd         Code  Gb  ABImemcpy_unaligned.o [4]
__iar_unaligned_memcpy8
                              0x1fd         Code  Gb  ABImemcpy_unaligned.o [4]
__low_level_init              0x297    0x4  Code  Gb  low_level_init.o [2]
__vector_table                  0x0  0x110  Data  Gb  cstartup_M.o [1]
_call_main                    0x285         Code  Gb  cmain.o [4]
_exit                         0x2a1         Code  Gb  cexit.o [4]
_main                         0x293         Code  Gb  cmain.o [4]
clock                         0x1f1    0xa  Code  Gb  clock.o [5]
delay                         0x111   0x3e  Code  Gb  main.o [1]
exit                          0x29b    0x4  Code  Gb  exit.o [2]
main                          0x14f   0x78  Code  Gb  main.o [1]


[1] = E:\Github Codes and Projects\EmbeddedSystems_Files\TIVAC_Files\Debug\Obj
[2] = dl7M_tln.a
[3] = m7M_tls.a
[4] = rt7M_tl.a
[5] = shb_l.a

    458 bytes of readonly  code memory
    296 bytes of readonly  data memory
  4'096 bytes of readwrite data memory

Errors: none
Warnings: none
