###############################################################################
#
# IAR ELF Linker V8.42.1.233/W32 for ARM                  05/Feb/2020  16:07:53
# Copyright 2007-2019 IAR Systems AB.
#
#    Output file  =
#        E:\Github Codes and
#        Projects\EmbeddedSystems_Files\TIVAC_Files\Debug\Exe\LEDGlow.out
#    Map file     =
#        E:\Github Codes and
#        Projects\EmbeddedSystems_Files\TIVAC_Files\Debug\List\LEDGlow.map
#    Command line =
#        -f C:\Users\KAUSIK~1\AppData\Local\Temp\EW5D8.tmp ("E:\Github Codes
#        and Projects\EmbeddedSystems_Files\TIVAC_Files\Debug\Obj\cstartup_M.o"
#        "E:\Github Codes and
#        Projects\EmbeddedSystems_Files\TIVAC_Files\Debug\Obj\main.o"
#        --no_out_extension -o "E:\Github Codes and
#        Projects\EmbeddedSystems_Files\TIVAC_Files\Debug\Exe\LEDGlow.out"
#        --redirect _Printf=_PrintfFullNoMb --redirect _Scanf=_ScanfFullNoMb
#        --map "E:\Github Codes and
#        Projects\EmbeddedSystems_Files\TIVAC_Files\Debug\List\LEDGlow.map"
#        --config
#        E:\EmbeddedARM\arm\config\linker\TexasInstruments\TM4C123GH6.icf
#        --semihosting --entry __iar_program_start --vfe --text_out locale)
#
###############################################################################

*******************************************************************************
*** RUNTIME MODEL ATTRIBUTES
***

CppFlavor       = *
__SystemLibrary = DLib
__dlib_version  = 6


*******************************************************************************
*** HEAP SELECTION
***

The basic heap was selected because some modules are built with
size limitations (and not runtime checking), and --advanced_heap
was not specified.


*******************************************************************************
*** PLACEMENT SUMMARY
***

"A0":  place at address 0x0 { ro section .intvec };
"P1":  place in [from 0x0 to 0x3'ffff] { ro };
define block CSTACK with size = 4K, alignment = 8 { };
define block HEAP with size = 8K, alignment = 8 { };
"P2":  place in [from 0x2000'0000 to 0x2000'7fff] {
          rw, block CSTACK, block HEAP };

No sections matched the following patterns:

  rw  in "P2"


  Section   Kind         Address    Size  Object
  -------   ----         -------    ----  ------
"A0":                              0x110
  .intvec   const            0x0   0x110  cstartup_M.o [1]
                         - 0x110   0x110

"P1":                              0x1c0
  .text     ro code        0x110   0x12c  main.o [1]
  .text     ro code        0x23c     0xa  clock.o [5]
  .text     ro code        0x246     0x2  cstartup_M.o [1]
  .text     ro code        0x248    0x22  fpinit_M.o [3]
  .text     ro code        0x26a     0x2  cstartup_M.o [1]
  .text     ro code        0x26c    0x1e  cmain.o [4]
  .text     ro code        0x28a     0x4  low_level_init.o [2]
  .text     ro code        0x28e     0x4  exit.o [2]
  .text     ro code        0x292     0x2  cstartup_M.o [1]
  .text     ro code        0x294     0xa  cexit.o [4]
  .text     ro code        0x29e     0x2  cstartup_M.o [1]
  .text     ro code        0x2a0    0x14  exit.o [5]
  .text     ro code        0x2b4    0x10  cstartup_M.o [1]
  .text     ro code        0x2c4     0x2  cstartup_M.o [1]
  .text     ro code        0x2c6     0x2  cstartup_M.o [1]
  .text     ro code        0x2c8     0x2  cstartup_M.o [1]
  .text     ro code        0x2ca     0x2  cstartup_M.o [1]
  .text     ro code        0x2cc     0x2  cstartup_M.o [1]
  .text     ro code        0x2ce     0x2  cstartup_M.o [1]
                         - 0x2d0   0x1c0

"P2":                             0x1000
  CSTACK             0x2000'0000  0x1000  <Block>
    CSTACK  uninit   0x2000'0000  0x1000  <Block tail>
                   - 0x2000'1000  0x1000

Unused ranges:

         From           To      Size
         ----           --      ----
        0x2d0     0x3'ffff  0x3'fd30
  0x2000'1000  0x2000'7fff    0x7000



*******************************************************************************
*** MODULE SUMMARY
***

    Module            ro code  ro data  rw data
    ------            -------  -------  -------
command line/config:
    -------------------------------------------
    Total:

E:\Github Codes and Projects\EmbeddedSystems_Files\TIVAC_Files\Debug\Obj: [1]
    cstartup_M.o           36      272
    main.o                300
    -------------------------------------------
    Total:                336      272

dl7M_tln.a: [2]
    exit.o                  4
    low_level_init.o        4
    -------------------------------------------
    Total:                  8

m7M_tls.a: [3]
    fpinit_M.o             34
    -------------------------------------------
    Total:                 34

rt7M_tl.a: [4]
    cexit.o                10
    cmain.o                30
    -------------------------------------------
    Total:                 40

shb_l.a: [5]
    clock.o                10
    exit.o                 20
    -------------------------------------------
    Total:                 30

    Linker created                        4'096
-----------------------------------------------
    Grand Total:          448      272    4'096


*******************************************************************************
*** ENTRY LIST
***

Entry                     Address   Size  Type      Object
-----                     -------   ----  ----      ------
?main                       0x26d         Code  Gb  cmain.o [4]
CSTACK$$Base          0x2000'0000          --   Gb  - Linker created -
CSTACK$$Limit         0x2000'1000          --   Gb  - Linker created -
Region$$Table$$Base           0x0          --   Gb  - Linker created -
Region$$Table$$Limit          0x0          --   Gb  - Linker created -
__cmain                     0x26d         Code  Gb  cmain.o [4]
__exit                      0x2a1   0x14  Code  Gb  exit.o [5]
__iar_init_vfp              0x249         Code  Gb  fpinit_M.o [3]
__iar_program_start         0x2b5   0x10  Code  Gb  cstartup_M.o [1]
__low_level_init            0x28b    0x4  Code  Gb  low_level_init.o [2]
__vector_table                0x0  0x110  Data  Gb  cstartup_M.o [1]
_call_main                  0x279         Code  Gb  cmain.o [4]
_exit                       0x295         Code  Gb  cexit.o [4]
_main                       0x287         Code  Gb  cmain.o [4]
clock                       0x23d    0xa  Code  Gb  clock.o [5]
delay                       0x111   0x3a  Code  Gb  main.o [1]
exit                        0x28f    0x4  Code  Gb  exit.o [2]
main                        0x14b   0xe0  Code  Gb  main.o [1]


[1] = E:\Github Codes and Projects\EmbeddedSystems_Files\TIVAC_Files\Debug\Obj
[2] = dl7M_tln.a
[3] = m7M_tls.a
[4] = rt7M_tl.a
[5] = shb_l.a

    448 bytes of readonly  code memory
    272 bytes of readonly  data memory
  4'096 bytes of readwrite data memory

Errors: none
Warnings: none
