###############################################################################
#
# IAR ELF Linker V8.42.1.233/W32 for ARM                  04/Mar/2020  15:11:01
# Copyright 2007-2019 IAR Systems AB.
#
#    Output file  =
#        E:\Github Codes and
#        Projects\EmbeddedSystems_Files\TIVAC_Files\PWM\Debug\Exe\PWM.out
#    Map file     =
#        E:\Github Codes and
#        Projects\EmbeddedSystems_Files\TIVAC_Files\PWM\Debug\List\PWM.map
#    Command line =
#        -f C:\Users\KAUSIK~1\AppData\Local\Temp\EWD413.tmp ("E:\Github Codes
#        and Projects\EmbeddedSystems_Files\TIVAC_Files\PWM\Debug\Obj\main.o"
#        --no_out_extension -o "E:\Github Codes and
#        Projects\EmbeddedSystems_Files\TIVAC_Files\PWM\Debug\Exe\PWM.out"
#        --redirect _Printf=_PrintfFullNoMb --redirect _Scanf=_ScanfFullNoMb
#        --map "E:\Github Codes and
#        Projects\EmbeddedSystems_Files\TIVAC_Files\PWM\Debug\List\PWM.map"
#        --config
#        E:\EmbeddedARM\arm\config\linker\TexasInstruments\TM4C123GH6.icf
#        --semihosting --entry __iar_program_start --vfe --text_out locale)
#
###############################################################################

*******************************************************************************
*** RUNTIME MODEL ATTRIBUTES
***

CppFlavor       = *
__SystemLibrary = DLib
__dlib_version  = 6


*******************************************************************************
*** HEAP SELECTION
***

The basic heap was selected because some modules are built with
size limitations (and not runtime checking), and --advanced_heap
was not specified.


*******************************************************************************
*** PLACEMENT SUMMARY
***

"A0":  place at address 0x0 { ro section .intvec };
"P1":  place in [from 0x0 to 0x3'ffff] { ro };
define block CSTACK with size = 4K, alignment = 8 { };
define block HEAP with size = 8K, alignment = 8 { };
"P2":  place in [from 0x2000'0000 to 0x2000'7fff] {
          rw, block CSTACK, block HEAP };

No sections matched the following patterns:

  rw  in "P2"


  Section   Kind         Address    Size  Object
  -------   ----         -------    ----  ------
"A0":                               0x40
  .intvec   ro code          0x0    0x40  vector_table_M.o [4]
                          - 0x40    0x40

"P1":                              0x254
  .text     ro code         0x40   0x174  main.o [1]
  .text     ro code        0x1b4    0x56  ABImemcpy_unaligned.o [4]
  .text     ro code        0x20a     0x2  vector_table_M.o [4]
  .text     ro code        0x20c    0x22  fpinit_M.o [3]
  .text     ro code        0x230    0x1e  cmain.o [4]
  .text     ro code        0x24e     0x4  low_level_init.o [2]
  .text     ro code        0x252     0x4  exit.o [2]
  .text     ro code        0x258     0xa  cexit.o [4]
  .text     ro code        0x264    0x14  exit.o [5]
  .rodata   const          0x278    0x10  main.o [1]
  .text     ro code        0x288     0xc  cstartup_M.o [4]
                         - 0x294   0x254

"P2":                             0x1000
  CSTACK             0x2000'0000  0x1000  <Block>
    CSTACK  uninit   0x2000'0000  0x1000  <Block tail>
                   - 0x2000'1000  0x1000

Unused ranges:

         From           To      Size
         ----           --      ----
        0x294     0x3'ffff  0x3'fd6c
  0x2000'1000  0x2000'7fff    0x7000



*******************************************************************************
*** MODULE SUMMARY
***

    Module                 ro code  ro data  rw data
    ------                 -------  -------  -------
command line/config:
    ------------------------------------------------
    Total:

E:\Github Codes and Projects\EmbeddedSystems_Files\TIVAC_Files\PWM\Debug\Obj: [1]
    main.o                     372       16
    ------------------------------------------------
    Total:                     372       16

dl7M_tln.a: [2]
    exit.o                       4
    low_level_init.o             4
    ------------------------------------------------
    Total:                       8

m7M_tls.a: [3]
    fpinit_M.o                  34
    ------------------------------------------------
    Total:                      34

rt7M_tl.a: [4]
    ABImemcpy_unaligned.o       86
    cexit.o                     10
    cmain.o                     30
    cstartup_M.o                12
    vector_table_M.o            66
    ------------------------------------------------
    Total:                     204

shb_l.a: [5]
    exit.o                      20
    ------------------------------------------------
    Total:                      20

    Gaps                         6
    Linker created                             4'096
----------------------------------------------------
    Grand Total:               644       16    4'096


*******************************************************************************
*** ENTRY LIST
***

Entry                       Address   Size  Type      Object
-----                       -------   ----  ----      ------
?main                         0x231         Code  Gb  cmain.o [4]
CSTACK$$Base            0x2000'0000          --   Gb  - Linker created -
CSTACK$$Limit           0x2000'1000          --   Gb  - Linker created -
Region$$Table$$Base             0x0          --   Gb  - Linker created -
Region$$Table$$Limit            0x0          --   Gb  - Linker created -
__cmain                       0x231         Code  Gb  cmain.o [4]
__exit                        0x265   0x14  Code  Gb  exit.o [5]
__iar_init_vfp                0x20d         Code  Gb  fpinit_M.o [3]
__iar_program_start           0x289         Code  Gb  cstartup_M.o [4]
__iar_unaligned_memcpy4
                              0x1b5         Code  Gb  ABImemcpy_unaligned.o [4]
__iar_unaligned_memcpy8
                              0x1b5         Code  Gb  ABImemcpy_unaligned.o [4]
__low_level_init              0x24f    0x4  Code  Gb  low_level_init.o [2]
__vector_table                  0x0         Data  Gb  vector_table_M.o [4]
_call_main                    0x23d         Code  Gb  cmain.o [4]
_exit                         0x259         Code  Gb  cexit.o [4]
_main                         0x24b         Code  Gb  cmain.o [4]
exit                          0x253    0x4  Code  Gb  exit.o [2]
main                           0x41  0x174  Code  Gb  main.o [1]


[1] = E:\Github Codes and Projects\EmbeddedSystems_Files\TIVAC_Files\PWM\Debug\Obj
[2] = dl7M_tln.a
[3] = m7M_tls.a
[4] = rt7M_tl.a
[5] = shb_l.a

    644 bytes of readonly  code memory
     16 bytes of readonly  data memory
  4'096 bytes of readwrite data memory

Errors: none
Warnings: none
