###############################################################################
#
# IAR ELF Linker V8.42.1.233/W32 for ARM                  22/Jan/2020  15:49:57
# Copyright 2007-2019 IAR Systems AB.
#
#    Output file  =
#        E:\Github Codes and
#        Projects\EmbeddedSystems_Files\Lab2\Debug\Exe\LEDGlow.out
#    Map file     =
#        E:\Github Codes and
#        Projects\EmbeddedSystems_Files\Lab2\Debug\List\LEDGlow.map
#    Command line =
#        -f C:\Users\KAUSIK~1\AppData\Local\Temp\EW5BFD.tmp ("E:\Github Codes
#        and Projects\EmbeddedSystems_Files\Lab2\Debug\Obj\cstartup_M.o"
#        "E:\Github Codes and
#        Projects\EmbeddedSystems_Files\Lab2\Debug\Obj\main.o"
#        --no_out_extension -o "E:\Github Codes and
#        Projects\EmbeddedSystems_Files\Lab2\Debug\Exe\LEDGlow.out" --redirect
#        _Printf=_PrintfFullNoMb --redirect _Scanf=_ScanfFullNoMb --map
#        "E:\Github Codes and
#        Projects\EmbeddedSystems_Files\Lab2\Debug\List\LEDGlow.map" --config
#        E:\EmbeddedARM\arm\config\linker\TexasInstruments\TM4C123GH6.icf
#        --semihosting --entry __iar_program_start --vfe --text_out locale)
#
###############################################################################

*******************************************************************************
*** RUNTIME MODEL ATTRIBUTES
***

CppFlavor       = *
__SystemLibrary = DLib
__dlib_version  = 6


*******************************************************************************
*** HEAP SELECTION
***

The basic heap was selected because some modules are built with
size limitations (and not runtime checking), and --advanced_heap
was not specified.


*******************************************************************************
*** PLACEMENT SUMMARY
***

"A0":  place at address 0x0 { ro section .intvec };
"P1":  place in [from 0x0 to 0x3'ffff] { ro };
define block CSTACK with size = 4K, alignment = 8 { };
define block HEAP with size = 8K, alignment = 8 { };
"P2":  place in [from 0x2000'0000 to 0x2000'7fff] {
          rw, block CSTACK, block HEAP };

No sections matched the following patterns:

  rw  in "P2"


  Section   Kind         Address    Size  Object
  -------   ----         -------    ----  ------
"A0":                              0x110
  .intvec   const            0x0   0x110  cstartup_M.o [1]
                         - 0x110   0x110

"P1":                              0x118
  .text     ro code        0x110    0x84  main.o [1]
  .text     ro code        0x194     0xa  clock.o [5]
  .text     ro code        0x19e     0x2  cstartup_M.o [1]
  .text     ro code        0x1a0    0x22  fpinit_M.o [3]
  .text     ro code        0x1c2     0x2  cstartup_M.o [1]
  .text     ro code        0x1c4    0x1e  cmain.o [4]
  .text     ro code        0x1e2     0x4  low_level_init.o [2]
  .text     ro code        0x1e6     0x4  exit.o [2]
  .text     ro code        0x1ea     0x2  cstartup_M.o [1]
  .text     ro code        0x1ec     0xa  cexit.o [4]
  .text     ro code        0x1f6     0x2  cstartup_M.o [1]
  .text     ro code        0x1f8    0x14  exit.o [5]
  .text     ro code        0x20c    0x10  cstartup_M.o [1]
  .text     ro code        0x21c     0x2  cstartup_M.o [1]
  .text     ro code        0x21e     0x2  cstartup_M.o [1]
  .text     ro code        0x220     0x2  cstartup_M.o [1]
  .text     ro code        0x222     0x2  cstartup_M.o [1]
  .text     ro code        0x224     0x2  cstartup_M.o [1]
  .text     ro code        0x226     0x2  cstartup_M.o [1]
                         - 0x228   0x118

"P2":                             0x1000
  CSTACK             0x2000'0000  0x1000  <Block>
    CSTACK  uninit   0x2000'0000  0x1000  <Block tail>
                   - 0x2000'1000  0x1000

Unused ranges:

         From           To      Size
         ----           --      ----
        0x228     0x3'ffff  0x3'fdd8
  0x2000'1000  0x2000'7fff    0x7000



*******************************************************************************
*** MODULE SUMMARY
***

    Module            ro code  ro data  rw data
    ------            -------  -------  -------
command line/config:
    -------------------------------------------
    Total:

E:\Github Codes and Projects\EmbeddedSystems_Files\Lab2\Debug\Obj: [1]
    cstartup_M.o           36      272
    main.o                132
    -------------------------------------------
    Total:                168      272

dl7M_tln.a: [2]
    exit.o                  4
    low_level_init.o        4
    -------------------------------------------
    Total:                  8

m7M_tls.a: [3]
    fpinit_M.o             34
    -------------------------------------------
    Total:                 34

rt7M_tl.a: [4]
    cexit.o                10
    cmain.o                30
    -------------------------------------------
    Total:                 40

shb_l.a: [5]
    clock.o                10
    exit.o                 20
    -------------------------------------------
    Total:                 30

    Linker created                        4'096
-----------------------------------------------
    Grand Total:          280      272    4'096


*******************************************************************************
*** ENTRY LIST
***

Entry                     Address   Size  Type      Object
-----                     -------   ----  ----      ------
?main                       0x1c5         Code  Gb  cmain.o [4]
CSTACK$$Base          0x2000'0000          --   Gb  - Linker created -
CSTACK$$Limit         0x2000'1000          --   Gb  - Linker created -
Region$$Table$$Base           0x0          --   Gb  - Linker created -
Region$$Table$$Limit          0x0          --   Gb  - Linker created -
__cmain                     0x1c5         Code  Gb  cmain.o [4]
__exit                      0x1f9   0x14  Code  Gb  exit.o [5]
__iar_init_vfp              0x1a1         Code  Gb  fpinit_M.o [3]
__iar_program_start         0x20d   0x10  Code  Gb  cstartup_M.o [1]
__low_level_init            0x1e3    0x4  Code  Gb  low_level_init.o [2]
__vector_table                0x0  0x110  Data  Gb  cstartup_M.o [1]
_call_main                  0x1d1         Code  Gb  cmain.o [4]
_exit                       0x1ed         Code  Gb  cexit.o [4]
_main                       0x1df         Code  Gb  cmain.o [4]
clock                       0x195    0xa  Code  Gb  clock.o [5]
delay                       0x111   0x3e  Code  Gb  main.o [1]
exit                        0x1e7    0x4  Code  Gb  exit.o [2]
main                        0x14f   0x36  Code  Gb  main.o [1]


[1] = E:\Github Codes and Projects\EmbeddedSystems_Files\Lab2\Debug\Obj
[2] = dl7M_tln.a
[3] = m7M_tls.a
[4] = rt7M_tl.a
[5] = shb_l.a

    280 bytes of readonly  code memory
    272 bytes of readonly  data memory
  4'096 bytes of readwrite data memory

Errors: none
Warnings: none
